[07:05:00] [ServerMain/INFO]: [bootstrap] Running Java 25 (OpenJDK 64-Bit Server VM 25.0.4.1+1-LTS; Microsoft Microsoft-14951822) on Linux 6.8.0-1064-azure (amd64)
[07:05:00] [ServerMain/INFO]: [bootstrap] Loading Paper 1.21.11-132-ver/1.21.11@c5eb079 (2026-05-11T11:43:09Z) for Minecraft 1.21.11
[07:05:00] [ServerMain/INFO]: [PluginInitializerManager] Initializing plugins...
[07:05:01] [Paper Plugin Remapper Thread - 2/INFO]: [PluginRemapper] Remapping plugin 'plugins/Open-inv-1.4.2.jar'...
[07:05:01] [Paper Plugin Remapper Thread - 3/INFO]: [PluginRemapper] Remapping plugin 'plugins/TAB.v6.2.0.-.Paper.1.20.5.-.1.21.4.jar'...
[07:05:01] [Paper Plugin Remapper Thread - 1/INFO]: [PluginRemapper] Remapping plugin 'plugins/playit-minecraft-plugin.jar'...
[07:05:04] [Paper Plugin Remapper Thread - 1/INFO]: [PluginRemapper] Done remapping plugin 'plugins/playit-minecraft-plugin.jar' in 2820ms.
[07:05:05] [Paper Plugin Remapper Thread - 3/INFO]: [PluginRemapper] Done remapping plugin 'plugins/TAB.v6.2.0.-.Paper.1.20.5.-.1.21.4.jar' in 4527ms.
[07:05:06] [Paper Plugin Remapper Thread - 2/INFO]: [PluginRemapper] Done remapping plugin 'plugins/Open-inv-1.4.2.jar' in 5568ms.
[07:05:07] [ServerMain/INFO]: [PluginInitializerManager] Initialized 9 plugins
[07:05:07] [ServerMain/INFO]: [PluginInitializerManager] Paper plugins (1):
 - Minepacks (2.5.9-T20260630191346)
[07:05:07] [ServerMain/INFO]: [PluginInitializerManager] Bukkit plugins (8):
 - AuthMe (5.7.0-FORK-b53), Chunky (1.4.40), Essentials (2.22.0), OpenInv (1.4.2), TAB (6.2.0), ViaVersion (5.12.0), WorldEdit (7.4.5+7590-b8dc4c1), playit-gg (0.2.0)
[07:05:12] [ServerMain/INFO]: Environment: Environment[sessionHost=https://sessionserver.mojang.com, servicesHost=https://api.minecraftservices.com, profilesHost=https://api.mojang.com, name=PROD]
[07:05:12] [ServerMain/INFO]: Found new data pack file/bukkit, loading it automatically
[07:05:12] [ServerMain/INFO]: Found new data pack paper, loading it automatically
[07:05:13] [ServerMain/INFO]: No existing world data, creating new world
[07:05:14] [ServerMain/INFO]: Loaded 1470 recipes
[07:05:14] [ServerMain/INFO]: Loaded 1584 advancements
[07:05:14] [ServerMain/INFO]: [ca.spottedleaf.dataconverter.minecraft.datatypes.MCTypeRegistry] Initialising converters for DataConverter...
[07:05:14] [ServerMain/INFO]: [ca.spottedleaf.dataconverter.minecraft.datatypes.MCTypeRegistry] Finished initialising converters for DataConverter in 431.3ms
[07:05:15] [Server thread/INFO]: Starting minecraft server version 1.21.11
[07:05:15] [Server thread/INFO]: Loading properties
[07:05:15] [Server thread/INFO]: This server is running Paper version 1.21.11-132-ver/1.21.11@c5eb079 (2026-05-11T11:43:09Z) (Implementing API version 1.21.11-R0.1-SNAPSHOT)
[07:05:15] [Server thread/INFO]: [spark] This server bundles the spark profiler. For more information please visit https://docs.papermc.io/paper/profiling
[07:05:15] [Server thread/INFO]: Server Ping Player Sample Count: 12
[07:05:15] [Server thread/INFO]: Using 4 threads for Netty based IO
[07:05:15] [Server thread/INFO]: [MoonriseCommon] Paper is using 1 worker threads, 1 I/O threads
[07:05:15] [Server thread/INFO]: Default game type: SURVIVAL
[07:05:15] [Server thread/INFO]: Generating keypair
[07:05:15] [Server thread/INFO]: Starting Minecraft server on *:25565
[07:05:16] [Server thread/INFO]: Paper: Using libdeflate (Linux x86_64) compression from Velocity.
[07:05:16] [Server thread/INFO]: Paper: Using OpenSSL 3.x.x (Linux x86_64) cipher from Velocity.
[07:05:17] [Server thread/INFO]: [Minepacks] PCGF-PluginLib not installed. Switching to standalone mode!
[07:05:17] [Server thread/INFO]: [Essentials] Loading server plugin Essentials v2.22.0
[07:05:17] [Server thread/INFO]: [ViaVersion] Loading server plugin ViaVersion v5.12.0
[07:05:17] [Server thread/INFO]: [ViaVersion] ViaVersion 5.12.0 is now loaded. Registering protocol transformers and injecting...
[07:05:18] [Server thread/INFO]: [Minepacks] Loading server plugin Minepacks v2.5.9-T20260630191346
[07:05:18] [Server thread/INFO]: [playit-gg] Loading server plugin playit-gg v0.2.0
[07:05:18] [Server thread/INFO]: [AuthMe] Loading server plugin AuthMe v5.7.0-FORK-b53
[07:05:18] [Server thread/INFO]: [TAB] Loading server plugin TAB v6.2.0
[07:05:18] [Server thread/INFO]: [OpenInv] Loading server plugin OpenInv v1.4.2
[07:05:18] [Server thread/INFO]: [WorldEdit] Loading server plugin WorldEdit v7.4.5+7590-b8dc4c1
[07:05:18] [Server thread/INFO]: Got request to register class com.sk89q.worldedit.bukkit.BukkitServerInterface with WorldEdit [com.sk89q.worldedit.extension.platform.PlatformManager@58d07ddc]
[07:05:18] [Server thread/INFO]: [WorldEdit] Default configuration file written: config.yml
[07:05:18] [Server thread/INFO]: [Chunky] Loading server plugin Chunky v1.4.40
[07:05:18] [Server thread/INFO]: [WorldEdit] Enabling WorldEdit v7.4.5+7590-b8dc4c1
[07:05:19] [Server thread/INFO]: Registering commands with com.sk89q.worldedit.bukkit.BukkitServerInterface
[07:05:19] [Server thread/INFO]: WEPIF: Updated config file
[07:05:19] [Server thread/INFO]: WEPIF: Using the Bukkit Permissions API.
[07:05:19] [Server thread/INFO]: Using com.sk89q.worldedit.bukkit.adapter.impl.v1_21_11.PaperweightAdapter as the Bukkit adapter
[07:05:19] [Server thread/WARN]: **** SERVER IS RUNNING IN OFFLINE/INSECURE MODE!
[07:05:19] [Server thread/WARN]: The server will make no attempt to authenticate usernames. Beware.
[07:05:19] [Server thread/WARN]: While this makes the game possible to play without internet access, it also opens up the ability for hackers to connect with any username they choose.
[07:05:19] [Server thread/WARN]: To change this, set "online-mode" to "true" in the server.properties file.
[07:05:19] [Server thread/INFO]: Preparing level "world"
[07:05:19] [Server thread/INFO]: [ca.spottedleaf.moonrise.common.util.MoonriseConstants] NUMA enable flag is not set; however there is NUMA interaction support for this OS.
[07:05:19] [Server thread/INFO]: [ca.spottedleaf.moonrise.common.util.MoonriseConstants] Detected 1 NUMA nodes.
[07:05:20] [Server thread/INFO]: Selecting spawn point for world 'minecraft:overworld'...
[07:05:27] [Server thread/INFO]: Selecting spawn point for world 'minecraft:the_nether'...
[07:05:29] [Server thread/INFO]: Selecting spawn point for world 'minecraft:the_end'...
[07:05:29] [Server thread/INFO]: Loading 0 persistent chunks for world 'minecraft:overworld'...
[07:05:29] [Server thread/INFO]: Preparing spawn area: 100%
[07:05:29] [Server thread/INFO]: Prepared spawn area in 9037 ms
[07:05:29] [Server thread/INFO]: Loading 0 persistent chunks for world 'minecraft:the_nether'...
[07:05:29] [Server thread/INFO]: Preparing spawn area: 100%
[07:05:29] [Server thread/INFO]: Prepared spawn area in 1649 ms
[07:05:29] [Server thread/INFO]: Loading 0 persistent chunks for world 'minecraft:the_end'...
[07:05:29] [Server thread/INFO]: Preparing spawn area: 100%
[07:05:29] [Server thread/INFO]: Prepared spawn area in 354 ms
[07:05:29] [Server thread/INFO]: Done preparing level "world" (9.630s)
[07:05:29] [Server thread/INFO]: [Essentials] Enabling Essentials v2.22.0
[07:05:29] [Server thread/WARN]: [Essentials] Beginning Adventure locale file conversion.
[07:05:29] [Server thread/INFO]: [Essentials] Creating config from template: plugins/Essentials/config.yml
[07:05:29] [Server thread/WARN]: [Essentials] Missing userdata folder, aborting
[07:05:29] [Server thread/INFO]: [Essentials] Creating config from template: plugins/Essentials/kits.yml
[07:05:29] [Server thread/INFO]: [Essentials] Attempting to convert old kits in config.yml to new kits.yml
[07:05:29] [Server thread/INFO]: [Essentials] No kits found to migrate.
[07:05:29] [Server thread/INFO]: [Essentials] Starting Essentials ban format conversion
[07:05:29] [Server thread/INFO]: [Essentials] Attempting to migrate ignore list to UUIDs
[07:05:29] [Server thread/INFO]: [Essentials] Attempting to migrate legacy userdata keys to Configurate
[07:05:29] [Server thread/INFO]: [Essentials] Done converting random teleport config.
[07:05:29] [Server thread/INFO]: [Essentials] Creating config from template: plugins/Essentials/worth.yml
[07:05:29] [Server thread/INFO]: [Essentials] Selected Paper 1.13+ Tile Entity Provider as the provider for TileEntityProvider
[07:05:29] [Server thread/INFO]: [Essentials] Selected 1.12.2+ Player Locale Provider as the provider for PlayerLocaleProvider
[07:05:29] [Server thread/INFO]: [Essentials] Selected 1.20.6+ Potion Meta Provider as the provider for PotionMetaProvider
[07:05:29] [Server thread/INFO]: [Essentials] Selected 1.21+ InventoryView Interface ABI Provider as the provider for InventoryViewProvider
[07:05:29] [Server thread/INFO]: [Essentials] Selected Paper Server State Provider as the provider for ServerStateProvider
[07:05:29] [Server thread/INFO]: [Essentials] Selected 1.12+ Spawner Block Provider as the provider for SpawnerBlockProvider
[07:05:29] [Server thread/INFO]: [Essentials] Selected Paper Tick Count Provider as the provider for TickCountProvider
[07:05:29] [Server thread/INFO]: [Essentials] Selected Reflection Formatted Command Alias Provider as the provider for FormattedCommandAliasProvider
[07:05:29] [Server thread/INFO]: [Essentials] Selected 1.21.4+ Sync Commands Provider as the provider for SyncCommandsProvider
[07:05:29] [Server thread/INFO]: [Essentials] Selected 1.20.5+ Banner Data Provider as the provider for BannerDataProvider
[07:05:29] [Server thread/INFO]: [Essentials] Selected 1.14.4+ Persistent Data Container Provider as the provider for PersistentDataProvider
[07:05:29] [Server thread/INFO]: [Essentials] Selected 1.11+ Item Unbreakable Provider as the provider for ItemUnbreakableProvider
[07:05:29] [Server thread/INFO]: [Essentials] Selected Paper Known Commands Provider as the provider for KnownCommandsProvider
[07:05:29] [Server thread/INFO]: [Essentials] Selected 1.13+ Spawn Egg Provider as the provider for SpawnEggProvider
[07:05:29] [Server thread/INFO]: [Essentials] Selected Paper Serialization Provider as the provider for SerializationProvider
[07:05:29] [Server thread/INFO]: [Essentials] Selected Reflection Online Mode Provider as the provider for OnlineModeProvider
[07:05:29] [Server thread/INFO]: [Essentials] Selected Paper Biome Key Provider as the provider for BiomeKeyProvider
[07:05:29] [Server thread/INFO]: [Essentials] Selected 1.17.1+ World Info Provider as the provider for WorldInfoProvider
[07:05:29] [Server thread/INFO]: [Essentials] Selected Paper Material Tag Provider as the provider for MaterialTagProvider
[07:05:29] [Server thread/INFO]: [Essentials] Selected 1.20.4+ Damage Event Provider as the provider for DamageEventProvider
[07:05:29] [Server thread/INFO]: [Essentials] Selected Paper Container Provider as the provider for ContainerProvider
[07:05:29] [Server thread/INFO]: [Essentials] Selected 1.8.3+ Spawner Item Provider as the provider for SpawnerItemProvider
[07:05:29] [Server thread/INFO]: [Essentials] Selected 1.14+ Sign Data Provider as the provider for SignDataProvider
[07:05:29] [Server thread/INFO]: [Essentials] Selected Legacy Biome Name Provider as the provider for BiomeNameProvider
[07:05:29] [Server thread/INFO]: [Essentials] Creating config from template: plugins/Essentials/tpr.yml
[07:05:30] [Server thread/INFO]: [Essentials] Loaded 46312 items from items.json.
[07:05:30] [Server thread/INFO]: [Essentials] Creating config from template: plugins/Essentials/custom_items.yml
[07:05:30] [Server thread/INFO]: [Essentials] Using locale en
[07:05:30] [Server thread/INFO]: [Essentials] ServerListPingEvent: Spigot iterator API
[07:05:30] [Server thread/INFO]: [Essentials] Starting Metrics. Opt-out using the global bStats config.
[07:05:30] [Server thread/INFO]: [Essentials] Using superperms-based permissions.
[07:05:30] [Server thread/INFO]: [ViaVersion] Enabling ViaVersion v5.12.0
[07:05:30] [Server thread/INFO]: [ViaVersion] ViaVersion detected server version: 1.21.11 (774)
[07:05:30] [Server thread/INFO]: [Minepacks] Enabling Minepacks v2.5.9-T20260630191346
[07:05:30] [Server thread/INFO]: [Minepacks] Starting Minepacks in standalone mode!
[07:05:30] [Server thread/INFO]: [Minepacks] File "/config.yml" extracted successfully!
[07:05:30] [Server thread/INFO]: [Minepacks] Config file successfully loaded.
[07:05:30] [Server thread/WARN]: [Minepacks] Paper support is experimental! Use at your own risk!
[07:05:30] [Server thread/WARN]: [Minepacks] No guarantee for data integrity! Backup constantly!
[07:05:30] [Server thread/INFO]: [Minepacks] File "/lang/en.yml" extracted successfully!
[07:05:30] [Server thread/INFO]: [Minepacks] Language file successfully loaded. Language: english  Author: GeorgH93
[07:05:30] [Server thread/INFO]: [Minepacks] Minepacks-Connection-Pool - Starting...
[07:05:30] [Server thread/INFO]: [Minepacks] Minepacks-Connection-Pool - Start completed.
[07:05:30] [Server thread/INFO]: [Minepacks] File "/lang/items_en.yml" extracted successfully!
[07:05:30] [Server thread/INFO]: [Minepacks] Item name language file successfully loaded. Language: english  Author: GeorgH93
[07:05:30] [Server thread/INFO]: [Minepacks] Loading item translations ...
[07:05:30] [Server thread/INFO]: [Minepacks] Finished loading item translations for 826 items.
[07:05:30] [Server thread/INFO]: [Minepacks]  Minepacks has been enabled!  :) 
[07:05:30] [Server thread/INFO]: [playit-gg] Enabling playit-gg v0.2.0
[07:05:31] [Server thread/INFO]: [AuthMe] Enabling AuthMe v5.7.0-FORK-b53
[07:05:31] [Server thread/INFO]: [AuthMe] You are running an unofficial fork version of AuthMe!
[07:05:31] [Server thread/INFO]: [AuthMe] Created column 'regdate' and set the current timestamp, 1790406331900, to all 0 rows
[07:05:31] [Server thread/INFO]: [AuthMe] SQLite Setup finished
[07:05:32] [Server thread/INFO]: [AuthMe] No supported permissions system found! Permissions are disabled!
[07:05:32] [Server thread/INFO]: [AuthMe] Hooked successfully into Essentials
[07:05:32] [Server thread/INFO]: [AuthMe] Essentials spawn file not found: '/workspaces/mc-server/server/plugins/Essentials/spawn.yml'
[07:05:32] [Server thread/WARN]: [AuthMe] "AuthMe v5.7.0-FORK-b53" has registered a listener for org.spigotmc.event.player.PlayerSpawnLocationEvent on method "public void fr.xephi.authme.listener.PlayerListener19Spigot.onPlayerSpawn(org.spigotmc.event.player.PlayerSpawnLocationEvent)", but the event is Deprecated. "Listening to this event causes the player to be created early. Using the player from this event will result in undefined behavior. Prefer AsyncPlayerSpawnLocationEvent."; please notify the authors [sgdc3, games647, Hex3l, krusic22].
[07:05:32] [Server thread/INFO]: [AuthMe] 
    ___         __  __    __  ___   
   /   | __  __/ /_/ /_  /  |/  /__ 
  / /| |/ / / / __/ __ \/ /|_/ / _ \
 / ___ / /_/ / /_/ / / / /  / /  __/
/_/  |_\__,_/\__/_/ /_/_/  /_/\___/ 
                                    
[07:05:32] [Server thread/INFO]: [AuthMe] AuthMeReReloaded is running on Paper
[07:05:32] [Server thread/INFO]: [AuthMe] AuthMeReReloaded is enabled successfully!
[07:05:32] [Server thread/INFO]: [AuthMe] GitHub: https://github.com/HaHaWTH/AuthMeReReloaded/
[07:05:32] [Server thread/INFO]: [AuthMe] Checking for updates...
[07:05:32] [Server thread/INFO]: [TAB] Enabling TAB v6.2.0
[07:05:32] [Server thread/INFO]: [TAB] ================================================================================
[07:05:32] [Server thread/INFO]: [TAB] The 6.2.0 release consists of 2 jars due to Java version problems.
[07:05:32] [Server thread/INFO]: [TAB] One jar is for Paper 1.20.5 - 1.21.4, the other jar is for everything else.
[07:05:32] [Server thread/INFO]: [TAB] You have installed the jar that explicitly says "Paper 1.20.5 - 1.21.4", which does not support your server version (1.21.11-R0.1-SNAPSHOT).
[07:05:32] [Server thread/INFO]: [TAB] Use the other jar in the release instead.
[07:05:32] [Server thread/INFO]: [TAB] ================================================================================
[07:05:32] [Server thread/INFO]: [OpenInv] Enabling OpenInv v1.4.2
[07:05:32] [Server thread/INFO]: 
[07:05:32] [Server thread/INFO]:   ____  _____  ______ _   _   _____ _   _ __      __ 
[07:05:32] [Server thread/INFO]:  / __ \|  __ \|  ____| \ | | |_   _| \ | |\ \    / / 
[07:05:32] [Server thread/INFO]: | |  | | |__) | |__  |  \| |   | | |  \| | \ \  / /  
[07:05:32] [Server thread/INFO]: | |  | |  ___/|  __| | . ` |   | | | . ` |  \ \/ /   
[07:05:32] [Server thread/INFO]: | |__| | |    | |____| |\  |  _| |_| |\  |   \  /    
[07:05:32] [Server thread/INFO]:  \____/|_|    |______|_| \_| |_____|_| \_|    \/     
[07:05:32] [Server thread/INFO]:                 1.4.2 by INFIE03
[07:05:32] [Server thread/INFO]: 
[07:05:32] [Server thread/INFO]:   ✦ Platform:  Paper 1.21.11-132-c5eb079 (MC: 1.21.11)
[07:05:32] [Server thread/INFO]:   ✦ Java:      25.0.4.1
[07:05:32] [Server thread/INFO]:   ✦ Storage:   SQLITE
[07:05:32] [Server thread/INFO]:   ✦ Language:  English
[07:05:32] [Server thread/INFO]:   ✦ Auto-Save: ENABLED
[07:05:32] [Server thread/INFO]:   ✦ Snapshots: ENABLED
[07:05:32] [Server thread/INFO]:   ✦ Vault Hook: NONE
[07:05:32] [Server thread/INFO]: 
[07:05:32] [Server thread/INFO]:   [OpenInv] Successfully enabled plugin modules.
[07:05:32] [Server thread/INFO]: 
[07:05:32] [Server thread/INFO]: [Chunky] Enabling Chunky v1.4.40
[07:05:33] [Server thread/INFO]: [spark] Starting background profiler...
[07:05:33] [Server thread/INFO]: Running delayed init tasks
[07:05:33] [Craft Scheduler Thread - 3 - Essentials/INFO]: [Essentials] Fetching version information...
[07:05:33] [Craft Scheduler Thread - 1 - ViaVersion/INFO]: [ViaVersion] Finished mapping loading, shutting down loader executor.
[07:05:33] [Server thread/INFO]: [gg.playit.minecraft.PlayitPipelineInjector] injected playit header decoder into server channel: [id: 0xcd447fe9, L:/[0:0:0:0:0:0:0:0]:25565]
[07:05:33] [Server thread/INFO]: [gg.playit.minecraft.PlayitBukkit] playit header decoder injected into server pipeline
[07:05:33] [Server thread/INFO]: Done (34.291s)! For help, type "help"
[07:05:33] [Server thread/INFO]: *************************************************************************************
[07:05:33] [Server thread/INFO]: This is the first time you're starting this server.
[07:05:33] [Server thread/INFO]: It's recommended you read our 'Getting Started' documentation for guidance.
[07:05:33] [Server thread/INFO]: View this and more helpful information here: https://docs.papermc.io/paper/next-steps
[07:05:33] [Server thread/INFO]: *************************************************************************************
[07:05:34] [Craft Scheduler Thread - 4 - AuthMe/INFO]: [AuthMe] You are running the latest version.
[07:05:34] [Paper Async Task Handler Thread - 1/WARN]: *************************************************************************************
[07:05:34] [Paper Async Task Handler Thread - 1/WARN]: You are running the latest build for your Minecraft version (1.21.11)
[07:05:34] [Paper Async Task Handler Thread - 1/WARN]: However, you are 4 release(s) behind the latest stable release (26.2)!
[07:05:34] [Paper Async Task Handler Thread - 1/WARN]: It is recommended that you update as soon as possible
[07:05:34] [Paper Async Task Handler Thread - 1/WARN]: https://papermc.io/downloads/paper
[07:05:34] [Paper Async Task Handler Thread - 1/WARN]: *************************************************************************************
[07:05:34] [Thread-9/INFO]: [gg.playit.minecraft.PlayitKeysSetup] secret key not set, generate claim code: c56b6bfdf688149c
[07:05:34] [Thread-9/INFO]: [gg.playit.minecraft.PlayitKeysSetup] please visit: https://playit.gg/claim/c56b6bfdf688149c
[07:06:04] [Thread-9/INFO]: [gg.playit.minecraft.PlayitKeysSetup] claim accepted, exchanging for secret
[07:06:05] [Thread-9/INFO]: [gg.playit.minecraft.PlayitKeysSetup] check secret
[07:06:05] [Thread-9/INFO]: [gg.playit.minecraft.PlayitKeysSetup] secret verified, ready to connect
[07:06:05] [Thread-9/INFO]: [gg.playit.minecraft.PlayitManager] keys setup complete, ready to connect
[07:06:05] [Thread-9/INFO]: playit.gg: WARNING: email associated with playit.gg account is not verified
[07:06:05] [Thread-9/WARN]: [gg.playit.control.ChannelSetup] Got IO error working with :/[2602:fbaf:810:0:0:0:0:1]:5525, error : java.net.SocketException: Network is unreachable
[07:06:06] [Thread-9/INFO]: [gg.playit.control.ChannelSetup] request queued, waiting 1 second before resend
[07:06:07] [Thread-9/INFO]: [gg.playit.minecraft.PlayitManager] create new minecraft java tunnel
[07:06:10] [Thread-9/INFO]: [gg.playit.minecraft.PlayitManager] found minecraft java tunnel: carolyn-privacy.tun.ply.gg
[07:06:10] [Thread-9/INFO]: playit.gg: tunnel setup
[07:06:10] [Thread-9/INFO]: playit.gg: carolyn-privacy.tun.ply.gg
[07:08:33] [Server thread/INFO]: TPS from last 1m, 5m, 15m: 20.0, 20.0, 20.0
[07:08:37] [Server thread/INFO]: [Essentials] CONSOLE issued server command: /ping 
[07:08:37] [Server thread/INFO]: Pong!
[07:09:35] [Server thread/INFO]: Stopping the server
[07:09:35] [Server thread/INFO]: Stopping server
[07:09:35] [Server thread/INFO]: [Chunky] Disabling Chunky v1.4.40
[07:09:35] [Server thread/INFO]: [WorldEdit] Disabling WorldEdit v7.4.5+7590-b8dc4c1
[07:09:35] [Server thread/INFO]: Unregistering com.sk89q.worldedit.bukkit.BukkitServerInterface from WorldEdit
[07:09:35] [Server thread/INFO]: [OpenInv] Disabling OpenInv v1.4.2
[07:09:35] [Server thread/INFO]: [OpenInv] Saving all player inventories before shutdown...
[07:09:35] [Server thread/INFO]: [OpenInv] Disconnected from SQLITE database.
[07:09:35] [Server thread/INFO]: 
[07:09:35] [Server thread/INFO]:   [OpenInv] Disabling plugin... Saving all data.
[07:09:35] [Server thread/INFO]:   Goodbye!
[07:09:35] [Server thread/INFO]: 
[07:09:35] [Server thread/INFO]: [TAB] Disabling TAB v6.2.0
[07:09:35] [Server thread/INFO]: [AuthMe] Disabling AuthMe v5.7.0-FORK-b53
[07:09:35] [Server thread/INFO]: [AuthMe] AuthMe 5.7.0-FORK-b53 is unloaded successfully!
[07:09:35] [Server thread/INFO]: [playit-gg] Disabling playit-gg v0.2.0
[07:09:35] [Server thread/INFO]: [Minepacks] Disabling Minepacks v2.5.9-T20260630191346
[07:09:36] [Server thread/INFO]: [Minepacks] Minepacks-Connection-Pool - Shutdown initiated...
[07:09:36] [Server thread/INFO]: [Minepacks] Minepacks-Connection-Pool - Shutdown completed.
[07:09:36] [Server thread/INFO]: [Minepacks]  Minepacks has been disabled.  :( 
[07:09:36] [Server thread/INFO]: [ViaVersion] Disabling ViaVersion v5.12.0
[07:09:36] [Server thread/INFO]: [ViaVersion] ViaVersion has been disabled; uninjected the platform and shut down the scheduler.
[07:09:36] [Server thread/INFO]: [Essentials] Disabling Essentials v2.22.0
[07:09:36] [Server thread/INFO]: Saving players
[07:09:36] [Server thread/INFO]: Saving worlds
[07:09:36] [Server thread/INFO]: Saving chunks for level 'ServerLevel[world]'/minecraft:overworld
[07:09:36] [Server thread/INFO]: [ChunkHolderManager] Waiting 60s for chunk system to halt for world 'world'
[07:09:36] [Server thread/INFO]: [ChunkHolderManager] Halted chunk system for world 'world'
[07:09:36] [Server thread/INFO]: [ChunkHolderManager] Saving all chunkholders for world 'world'
[07:09:36] [Server thread/INFO]: [ChunkHolderManager] Saved 0 block chunks, 0 entity chunks, 0 poi chunks in world 'world' in 0.00s
[07:09:36] [Server thread/INFO]: [ChunkHolderManager] Waiting 60s for chunk I/O to halt for world 'world'
[07:09:36] [Server thread/INFO]: [ChunkHolderManager] Halted I/O scheduler for world 'world'
[07:09:36] [Server thread/INFO]: Saving chunks for level 'ServerLevel[world_nether]'/minecraft:the_nether
[07:09:36] [Server thread/INFO]: [ChunkHolderManager] Waiting 60s for chunk system to halt for world 'world_nether'
[07:09:36] [Server thread/INFO]: [ChunkHolderManager] Halted chunk system for world 'world_nether'
[07:09:36] [Server thread/INFO]: [ChunkHolderManager] Saving all chunkholders for world 'world_nether'
[07:09:36] [Server thread/INFO]: [ChunkHolderManager] Saved 0 block chunks, 0 entity chunks, 0 poi chunks in world 'world_nether' in 0.00s
[07:09:36] [Server thread/INFO]: [ChunkHolderManager] Waiting 60s for chunk I/O to halt for world 'world_nether'
[07:09:36] [Server thread/INFO]: [ChunkHolderManager] Halted I/O scheduler for world 'world_nether'
[07:09:36] [Server thread/INFO]: Saving chunks for level 'ServerLevel[world_the_end]'/minecraft:the_end
[07:09:36] [Server thread/INFO]: [ChunkHolderManager] Waiting 60s for chunk system to halt for world 'world_the_end'
[07:09:36] [Server thread/INFO]: [ChunkHolderManager] Halted chunk system for world 'world_the_end'
[07:09:36] [Server thread/INFO]: [ChunkHolderManager] Saving all chunkholders for world 'world_the_end'
[07:09:36] [Server thread/INFO]: [ChunkHolderManager] Saved 0 block chunks, 0 entity chunks, 0 poi chunks in world 'world_the_end' in 0.00s
[07:09:36] [Server thread/INFO]: [ChunkHolderManager] Waiting 60s for chunk I/O to halt for world 'world_the_end'
[07:09:36] [Server thread/INFO]: [ChunkHolderManager] Halted I/O scheduler for world 'world_the_end'
[07:09:36] [Server thread/INFO]: ThreadedAnvilChunkStorage (world): All chunks are saved
[07:09:36] [Server thread/INFO]: ThreadedAnvilChunkStorage (DIM-1): All chunks are saved
[07:09:36] [Server thread/INFO]: ThreadedAnvilChunkStorage (DIM1): All chunks are saved
[07:09:36] [Server thread/INFO]: ThreadedAnvilChunkStorage: All dimensions are saved
[07:09:36] [Server thread/INFO]: Waiting for all RegionFile I/O tasks to complete...
[07:09:36] [Server thread/INFO]: All RegionFile I/O tasks to complete
[07:09:36] [Server thread/INFO]: [MoonriseCommon] Awaiting termination of worker pool for up to 60s...
[07:09:36] [Server thread/INFO]: [MoonriseCommon] Awaiting termination of I/O pool for up to 60s...
